[backblue.gif]
[fade.gif]
[index.html]
[demo.ovathemes.com/eventmana/feed/index.html]
[demo.ovathemes.com/eventmana/comments/feed/index.html]
[demo.ovathemes.com/eventmana/wp-content/uploads/2015/09/latest-7a.jpg]
[demo.ovathemes.com/eventmana/wp-content/uploads/2015/09/latest-6.jpg]
[demo.ovathemes.com/eventmana/wp-includes/js/jquery/jquery4a5f.js]
[demo.ovathemes.com/eventmana/wp-includes/js/jquery/jquery-migrate.min330a.js]
[demo.ovathemes.com/eventmana/wp-content/plugins/instagram-slider-widget/assets/js/jquery.flexslider-mindc8c.js]
[demo.ovathemes.com/eventmana/wp-content/plugins/woocommerce/assets/js/jquery-blockui/jquery.blockUI.min44fd.js]
[demo.ovathemes.com/eventmana/wp-content/plugins/woocommerce/assets/js/frontend/add-to-cart.min3088.js]
[demo.ovathemes.com/eventmana/wp-content/plugins/js_composer/assets/js/vendors/woocommerce-add-to-cart52c7.js]
[demo.ovathemes.com/eventmana/wp-json/index.html]
[demo.ovathemes.com/eventmana/xmlrpc0db0.php]
[demo.ovathemes.com/eventmana/wp-includes/wlwmanifest.xml]
[demo.ovathemes.com/eventmana/wp-json/oembed/1.0/embedac38.json]
[demo.ovathemes.com/eventmana/wp-json/oembed/1.0/embed07f0]
[demo.ovathemes.com/eventmana/wp-content/uploads/2015/09/latest-6a.jpg]
[demo.ovathemes.com/eventmana/wp-content/uploads/2015/09/background-img-slider.jpg]
[demo.ovathemes.com/eventmana/wp-content/uploads/2015/09/latest-4.jpg]
[demo.ovathemes.com/eventmana/wp-content/uploads/2015/09/latest-4a.jpg]
[demo.ovathemes.com/eventmana/wp-content/uploads/2015/09/slider-4-avatar.png]
[demo.ovathemes.com/eventmana/wp-content/uploads/2015/09/shutterstock_1490323251.jpg]
[demo.ovathemes.com/eventmana/wp-content/uploads/2015/09/latest-3.jpg]
[demo.ovathemes.com/eventmana/wp-content/uploads/2015/09/latest-3a.jpg]
[demo.ovathemes.com/eventmana/wp-content/uploads/2015/09/latest-2.jpg]
[demo.ovathemes.com/eventmana/wp-content/uploads/2015/09/latest-2a.jpg]
[demo.ovathemes.com/eventmana/wp-content/uploads/2015/09/partner-6.png]
[demo.ovathemes.com/eventmana/wp-content/uploads/2015/09/shutterstock_1258062861.jpg]
[demo.ovathemes.com/eventmana/wp-content/uploads/2015/09/partner-5.png]
[demo.ovathemes.com/eventmana/wp-content/uploads/2015/09/shutterstock_1646736051.jpg]
[demo.ovathemes.com/eventmana/wp-content/uploads/2015/09/shutterstock_2564924741.jpg]
[demo.ovathemes.com/eventmana/wp-content/uploads/2015/09/partner-4.png]
[demo.ovathemes.com/eventmana/wp-content/uploads/2015/09/shutterstock_2171192141.jpg]
[demo.ovathemes.com/eventmana/wp-content/uploads/2015/09/partner-3.png]
[demo.ovathemes.com/eventmana/wp-content/uploads/2015/09/partner-2.png]
[demo.ovathemes.com/eventmana/wp-content/uploads/2015/09/shutterstock_149032325.jpg]
[demo.ovathemes.com/eventmana/wp-content/uploads/2015/09/shutterstock_125806286.jpg]
[demo.ovathemes.com/eventmana/wp-content/uploads/2015/09/partner-1.png]
[demo.ovathemes.com/eventmana/wp-content/uploads/2015/09/shutterstock_300277832.jpg]
[demo.ovathemes.com/eventmana/wp-content/uploads/2015/09/shutterstock_256492474.jpg]
[demo.ovathemes.com/eventmana/wp-content/uploads/2015/09/shutterstock_164673605.jpg]
[demo.ovathemes.com/eventmana/wp-content/uploads/2015/09/avatar-1.jpg]
[demo.ovathemes.com/eventmana/wp-content/uploads/2015/09/avatar-2.jpg]
[demo.ovathemes.com/eventmana/wp-content/uploads/2015/09/avatar-3.jpg]
[demo.ovathemes.com/eventmana/wp-content/uploads/2015/09/avatar-4.jpg]
[demo.ovathemes.com/eventmana/wp-content/uploads/2015/09/latest-9.jpg]
[demo.ovathemes.com/eventmana/wp-content/uploads/2015/09/latest-8.jpg]
[demo.ovathemes.com/eventmana/wp-content/uploads/2015/09/speaker-2.jpg]
[demo.ovathemes.com/eventmana/wp-content/uploads/2015/09/latest-7.jpg]
[demo.ovathemes.com/eventmana/wp-content/uploads/2015/09/speaker-3.jpg]
[demo.ovathemes.com/eventmana/wp-content/uploads/2015/09/speaker-4.jpg]
[demo.ovathemes.com/eventmana/wp-content/uploads/2015/09/speaker-1.jpg]
[demo.ovathemes.com/eventmana/wp-content/uploads/2015/09/blog-post-2.jpg]
[demo.ovathemes.com/eventmana/wp-content/uploads/2015/09/blog-post-1.jpg]
[demo.ovathemes.com/eventmana/event-management-wordpress-theme/index.html]
[demo.ovathemes.com/eventmana/wp-content/plugins/contact-form-7/includes/js/scripts58e0.js]
[demo.ovathemes.com/eventmana/wp-content/plugins/woocommerce/assets/js/js-cookie/js.cookie.min6b25.js]
[demo.ovathemes.com/eventmana/gallery-post/index.html]
[demo.ovathemes.com/eventmana/wp-content/plugins/woocommerce/assets/js/frontend/woocommerce.min3088.js]
[demo.ovathemes.com/eventmana/wp-content/plugins/woocommerce/assets/js/frontend/cart-fragments.min3088.js]
[demo.ovathemes.com/eventmana/youtube-with-blog-post/index.html]
[demo.ovathemes.com/eventmana/wp-content/themes/eventmana/assets/plugins/modernizr.custom4d2c.js]
[demo.ovathemes.com/eventmana/wp-content/themes/eventmana/assets/plugins/bootstrap/js/bootstrap.min4d2c.js]
[demo.ovathemes.com/eventmana/wp-content/themes/eventmana/assets/plugins/superfish/js/superfish4d2c.js]
[demo.ovathemes.com/eventmana/wp-content/themes/eventmana/assets/plugins/bootstrap-select/bootstrap-select.min4d2c.js]
[demo.ovathemes.com/eventmana/vimeo-with-blog-post/index.html]
[demo.ovathemes.com/eventmana/wp-content/plugins/woocommerce/assets/js/prettyPhoto/jquery.prettyPhoto.min005e.js]
[demo.ovathemes.com/eventmana/wp-content/themes/eventmana/assets/plugins/jquery.smoothscroll.min4d2c.js]
[demo.ovathemes.com/eventmana/standart-blog-post-header-here/index.html]
[demo.ovathemes.com/eventmana/wp-content/themes/eventmana/assets/plugins/jquery.easing.min4d2c.js]
[demo.ovathemes.com/eventmana/wp-content/themes/eventmana/assets/plugins/smooth-scrollbar.min4d2c.js]
[demo.ovathemes.com/eventmana/wp-content/themes/eventmana/assets/plugins/owlcarousel2/owl.carousel.min4d2c.js]
[demo.ovathemes.com/eventmana/wp-content/themes/eventmana/assets/plugins/waypoints/waypoints.min4d2c.js]
[demo.ovathemes.com/eventmana/wp-content/themes/eventmana/assets/plugins/countdown/jquery.plugin.min4d2c.js]
[demo.ovathemes.com/eventmana/wp-content/themes/eventmana/assets/plugins/countdown/jquery.countdown.min4d2c.js]
[demo.ovathemes.com/eventmana/wp-content/plugins/js_composer/assets/lib/bower/isotope/dist/isotope.pkgd.min52c7.js]
[demo.ovathemes.com/eventmana/wp-content/themes/eventmana/assets/js/theme4d2c.js]
[demo.ovathemes.com/eventmana/wp-content/themes/eventmana/assets/js/theme_init4d2c.js]
[demo.ovathemes.com/eventmana/wp-includes/js/wp-embed.min4d2c.js]
[demo.ovathemes.com/eventmana/index.html]
[demo.ovathemes.com/eventmana/xmlrpc.php]
[demo.ovathemes.com/eventmana/wp-includes/css/dist/block-library/style.min4d2c.css]
[demo.ovathemes.com/eventmana/wp-content/plugins/woocommerce/packages/woocommerce-blocks/build/stylea1ec.css]
[demo.ovathemes.com/eventmana/wp-content/plugins/js_composer/assets/js/dist/js_composer_front.min52c7.js]
[demo.ovathemes.com/eventmana/wp-content/plugins/contact-form-7/images/ajax-loader.gif]
[demo.ovathemes.com/eventmana/wp-content/plugins/contact-form-7/includes/css/styles58e0.css]
[demo.ovathemes.com/eventmana/wp-content/plugins/instagram-slider-widget/assets/css/instag-slider91ce.css]
[demo.ovathemes.com/eventmana/wp-content/plugins/recent-tweets-widget/assets/tweet.png]
[demo.ovathemes.com/eventmana/wp-content/plugins/recent-tweets-widget/tp_twitter_plugin5152.css]
[demo.ovathemes.com/eventmana/wp-content/plugins/woocommerce/assets/css/woocommerce-layout3088.css]
[demo.ovathemes.com/eventmana/wp-content/plugins/woocommerce/assets/css/woocommerce-smallscreen3088.css]
[demo.ovathemes.com/eventmana/wp-content/plugins/woocommerce/assets/fonts/star.eot]
[demo.ovathemes.com/eventmana/wp-content/plugins/woocommerce/assets/fonts/stard41d.eot]
[demo.ovathemes.com/eventmana/wp-content/plugins/woocommerce/assets/fonts/star.woff]
[demo.ovathemes.com/eventmana/wp-content/plugins/woocommerce/assets/fonts/star.ttf]
[demo.ovathemes.com/eventmana/wp-content/plugins/woocommerce/assets/fonts/star.svg]
[demo.ovathemes.com/eventmana/wp-content/plugins/woocommerce/assets/fonts/WooCommerce.eot]
[demo.ovathemes.com/eventmana/wp-content/plugins/woocommerce/assets/fonts/WooCommerce.woff]
[demo.ovathemes.com/eventmana/wp-content/plugins/woocommerce/assets/fonts/WooCommerce.ttf]
[demo.ovathemes.com/eventmana/wp-content/plugins/woocommerce/assets/fonts/WooCommerced41d.eot]
[demo.ovathemes.com/eventmana/wp-content/plugins/woocommerce/assets/fonts/WooCommerce.svg]
[demo.ovathemes.com/eventmana/wp-content/plugins/woocommerce/assets/images/icons/credit-cards/visa.svg]
[demo.ovathemes.com/eventmana/wp-content/plugins/woocommerce/assets/images/icons/credit-cards/mastercard.svg]
[demo.ovathemes.com/eventmana/wp-content/plugins/woocommerce/assets/images/icons/credit-cards/laser.svg]
[demo.ovathemes.com/eventmana/wp-content/plugins/woocommerce/assets/images/icons/credit-cards/diners.svg]
[demo.ovathemes.com/eventmana/wp-content/plugins/woocommerce/assets/images/icons/credit-cards/maestro.svg]
[demo.ovathemes.com/eventmana/wp-content/plugins/woocommerce/assets/images/icons/credit-cards/jcb.svg]
[demo.ovathemes.com/eventmana/wp-content/plugins/woocommerce/assets/images/icons/credit-cards/amex.svg]
[demo.ovathemes.com/eventmana/wp-content/plugins/woocommerce/assets/images/icons/credit-cards/discover.svg]
[demo.ovathemes.com/eventmana/wp-content/plugins/woocommerce/assets/css/woocommerce3088.css]
[demo.ovathemes.com/eventmana/wp-content/themes/eventmana/assets/plugins/bootstrap/fonts/glyphicons-halflings-regular.eot]
[demo.ovathemes.com/eventmana/wp-content/themes/eventmana/assets/plugins/bootstrap/fonts/glyphicons-halflings-regular.woff2]
[demo.ovathemes.com/eventmana/wp-content/themes/eventmana/assets/plugins/bootstrap/fonts/glyphicons-halflings-regular.woff]
[demo.ovathemes.com/eventmana/wp-content/themes/eventmana/assets/plugins/bootstrap/fonts/glyphicons-halflings-regular.ttf]
[demo.ovathemes.com/eventmana/wp-content/themes/eventmana/assets/plugins/bootstrap/css/bootstrap.min4d2c.css]
[demo.ovathemes.com/eventmana/wp-content/themes/eventmana/assets/plugins/bootstrap/fonts/glyphicons-halflings-regulard41d.eot]
[demo.ovathemes.com/eventmana/wp-content/themes/eventmana/assets/plugins/bootstrap/fonts/glyphicons-halflings-regular.svg]
[demo.ovathemes.com/eventmana/wp-content/plugins/js_composer/assets/lib/bower/font-awesome/fonts/fontawesome-webfont3e6e.woff2]
[demo.ovathemes.com/eventmana/wp-content/plugins/js_composer/assets/lib/bower/font-awesome/fonts/fontawesome-webfont3e6e.woff]
[demo.ovathemes.com/eventmana/wp-content/plugins/js_composer/assets/lib/bower/font-awesome/fonts/fontawesome-webfont3e6e.ttf]
[demo.ovathemes.com/eventmana/wp-content/plugins/js_composer/assets/lib/bower/font-awesome/css/font-awesome.min52c7.css]
[demo.ovathemes.com/eventmana/wp-content/themes/eventmana/assets/plugins/bootstrap-select/bootstrap-select.min4d2c.css]
[demo.ovathemes.com/eventmana/wp-content/themes/eventmana/assets/plugins/owlcarousel2/assets/owl.video.play.png]
[demo.ovathemes.com/eventmana/wp-content/themes/eventmana/assets/plugins/owlcarousel2/assets/owl.carousel.min4d2c.css]
[demo.ovathemes.com/eventmana/wp-content/themes/eventmana/assets/plugins/owlcarousel2/assets/owl.theme.default.min4d2c.css]
[demo.ovathemes.com/eventmana/wp-content/themes/eventmana/assets/plugins/prettyphoto/images/prettyPhoto/default/sprite.png]
[demo.ovathemes.com/eventmana/wp-content/plugins/js_composer/assets/lib/bower/font-awesome/fonts/fontawesome-webfont3e6e.eot]
[demo.ovathemes.com/eventmana/wp-content/plugins/js_composer/assets/lib/bower/font-awesome/fonts/fontawesome-webfontd41d.eot]
[demo.ovathemes.com/eventmana/wp-content/themes/eventmana/assets/plugins/prettyphoto/images/prettyPhoto/default/sprite_x.png]
[demo.ovathemes.com/eventmana/wp-content/themes/eventmana/assets/plugins/prettyphoto/images/prettyPhoto/default/sprite_y.png]
[demo.ovathemes.com/eventmana/wp-content/themes/eventmana/assets/plugins/prettyphoto/images/prettyPhoto/default/sprite_next.png]
[demo.ovathemes.com/eventmana/wp-content/themes/eventmana/assets/plugins/prettyphoto/images/prettyPhoto/default/sprite_prev.png]
[demo.ovathemes.com/eventmana/wp-content/themes/eventmana/assets/plugins/prettyphoto/images/prettyPhoto/default/default_thumb.png]
[demo.ovathemes.com/eventmana/wp-content/plugins/js_composer/assets/lib/bower/font-awesome/fonts/fontawesome-webfont3e6e.svg]
[demo.ovathemes.com/eventmana/wp-content/themes/eventmana/assets/plugins/prettyphoto/images/prettyPhoto/default/loader.gif]
[demo.ovathemes.com/eventmana/wp-content/themes/eventmana/assets/plugins/prettyphoto/images/prettyPhoto/light_rounded/sprite.png]
[demo.ovathemes.com/eventmana/wp-content/themes/eventmana/assets/plugins/prettyphoto/images/prettyPhoto/light_rounded/btnNext.png]
[demo.ovathemes.com/eventmana/wp-content/themes/eventmana/assets/plugins/prettyphoto/images/prettyPhoto/light_rounded/btnPrevious.png]
[demo.ovathemes.com/eventmana/wp-content/themes/eventmana/assets/plugins/prettyphoto/images/prettyPhoto/dark_rounded/sprite.png]
[demo.ovathemes.com/eventmana/wp-content/themes/eventmana/assets/plugins/prettyphoto/images/prettyPhoto/dark_rounded/contentPattern.png]
[demo.ovathemes.com/eventmana/wp-content/themes/eventmana/assets/plugins/prettyphoto/images/prettyPhoto/dark_rounded/btnNext.png]
[demo.ovathemes.com/eventmana/wp-content/themes/eventmana/assets/plugins/prettyphoto/images/prettyPhoto/dark_rounded/btnPrevious.png]
[demo.ovathemes.com/eventmana/wp-content/themes/eventmana/assets/plugins/prettyphoto/images/prettyPhoto/dark_rounded/loader.gif]
[demo.ovathemes.com/eventmana/wp-content/themes/eventmana/assets/plugins/prettyphoto/images/prettyPhoto/dark_square/loader.gif]
[demo.ovathemes.com/eventmana/wp-content/themes/eventmana/assets/plugins/prettyphoto/images/prettyPhoto/dark_square/sprite.png]
[demo.ovathemes.com/eventmana/wp-content/themes/eventmana/assets/plugins/prettyphoto/images/prettyPhoto/dark_square/btnNext.png]
[demo.ovathemes.com/eventmana/wp-content/themes/eventmana/assets/plugins/prettyphoto/images/prettyPhoto/dark_square/btnPrevious.png]
[demo.ovathemes.com/eventmana/wp-content/themes/eventmana/assets/plugins/prettyphoto/images/prettyPhoto/light_square/sprite.png]
[demo.ovathemes.com/eventmana/wp-content/themes/eventmana/assets/plugins/prettyphoto/images/prettyPhoto/light_square/btnNext.png]
[demo.ovathemes.com/eventmana/wp-content/themes/eventmana/assets/plugins/prettyphoto/images/prettyPhoto/light_square/btnPrevious.png]
[demo.ovathemes.com/eventmana/wp-content/themes/eventmana/assets/plugins/prettyphoto/images/prettyPhoto/facebook/sprite.png]
[demo.ovathemes.com/eventmana/wp-content/themes/eventmana/assets/plugins/prettyphoto/images/prettyPhoto/facebook/contentPatternTop.png]
[demo.ovathemes.com/eventmana/wp-content/themes/eventmana/assets/plugins/prettyphoto/images/prettyPhoto/facebook/contentPatternLeft.png]
[demo.ovathemes.com/eventmana/wp-content/themes/eventmana/assets/plugins/prettyphoto/images/prettyPhoto/facebook/contentPatternRight.png]
[demo.ovathemes.com/eventmana/wp-content/themes/eventmana/assets/plugins/prettyphoto/images/prettyPhoto/facebook/loader.gif]
[demo.ovathemes.com/eventmana/wp-content/themes/eventmana/assets/plugins/prettyphoto/images/prettyPhoto/facebook/btnNext.png]
[demo.ovathemes.com/eventmana/wp-content/themes/eventmana/assets/plugins/prettyphoto/images/prettyPhoto/facebook/btnPrevious.png]
[demo.ovathemes.com/eventmana/wp-content/themes/eventmana/assets/plugins/prettyphoto/images/prettyPhoto/facebook/contentPatternBottom.png]
[demo.ovathemes.com/eventmana/wp-content/themes/eventmana/assets/plugins/prettyphoto/images/prettyPhoto/facebook/default_thumbnail.gif]
[demo.ovathemes.com/eventmana/wp-content/themes/eventmana/assets/plugins/prettyphoto/images/prettyPhoto/light_rounded/loader.gif]
[demo.ovathemes.com/eventmana/wp-content/themes/eventmana/assets/plugins/prettyphoto/css/prettyPhoto4d2c.css]
[demo.ovathemes.com/eventmana/wp-content/themes/eventmana/assets/plugins/animate/animate.min4d2c.css]
[demo.ovathemes.com/eventmana/wp-content/themes/eventmana/assets/plugins/countdown/jquery.countdown4d2c.css]
[demo.ovathemes.com/eventmana/wp-content/themes/eventmana/assets/css/custom4d2c.css]
[demo.ovathemes.com/eventmana/wp-content/themes/eventmana/style4d2c.css]
[demo.ovathemes.com/eventmana/wp-content/themes/eventmana-child/style7beb.css]
[demo.ovathemes.com/eventmana/wp-content/themes/eventmana/extend/css/fix4d2c.css]
[demo.ovathemes.com/eventmana/wp-content/plugins/js_composer/assets/vc/alert.png]
[demo.ovathemes.com/eventmana/wp-content/plugins/js_composer/assets/vc/info.png]
[demo.ovathemes.com/eventmana/wp-content/plugins/js_composer/assets/vc/tick.png]
[demo.ovathemes.com/eventmana/wp-content/plugins/js_composer/assets/vc/exclamation.png]
[demo.ovathemes.com/eventmana/wp-content/plugins/js_composer/assets/images/icons/address-book.png]
[demo.ovathemes.com/eventmana/wp-content/plugins/js_composer/assets/images/icons/alarm-clock.png]
[demo.ovathemes.com/eventmana/wp-content/plugins/js_composer/assets/images/icons/anchor.png]
[demo.ovathemes.com/eventmana/wp-content/plugins/js_composer/assets/images/icons/application-image.png]
[demo.ovathemes.com/eventmana/wp-content/plugins/js_composer/assets/images/icons/arrow.png]
[demo.ovathemes.com/eventmana/wp-content/plugins/js_composer/assets/images/icons/asterisk.png]
[demo.ovathemes.com/eventmana/wp-content/plugins/js_composer/assets/images/icons/auction-hammer.png]
[demo.ovathemes.com/eventmana/wp-content/plugins/js_composer/assets/images/icons/balloon.png]
[demo.ovathemes.com/eventmana/wp-content/plugins/js_composer/assets/images/icons/balloon-buzz.png]
[demo.ovathemes.com/eventmana/wp-content/plugins/js_composer/assets/images/icons/balloon-facebook.png]
[demo.ovathemes.com/eventmana/wp-content/plugins/js_composer/assets/images/icons/balloon-twitter.png]
[demo.ovathemes.com/eventmana/wp-content/plugins/js_composer/assets/images/icons/battery-full.png]
[demo.ovathemes.com/eventmana/wp-content/plugins/js_composer/assets/images/icons/binocular.png]
[demo.ovathemes.com/eventmana/wp-content/plugins/js_composer/assets/images/icons/blue-document-excel.png]
[demo.ovathemes.com/eventmana/wp-content/plugins/js_composer/assets/images/icons/blue-document-image.png]
[demo.ovathemes.com/eventmana/wp-content/plugins/js_composer/assets/images/icons/blue-document-music.png]
[demo.ovathemes.com/eventmana/wp-content/plugins/js_composer/assets/images/icons/blue-document-office.png]
[demo.ovathemes.com/eventmana/wp-content/plugins/js_composer/assets/images/icons/blue-document-pdf.png]
[demo.ovathemes.com/eventmana/wp-content/plugins/js_composer/assets/images/icons/blue-document-powerpoint.png]
[demo.ovathemes.com/eventmana/wp-content/plugins/js_composer/assets/images/icons/blue-document-word.png]
[demo.ovathemes.com/eventmana/wp-content/plugins/js_composer/assets/images/icons/bookmark.png]
[demo.ovathemes.com/eventmana/wp-content/plugins/js_composer/assets/images/icons/camcorder.png]
[demo.ovathemes.com/eventmana/wp-content/plugins/js_composer/assets/images/icons/camera.png]
[demo.ovathemes.com/eventmana/wp-content/plugins/js_composer/assets/images/icons/chart.png]
[demo.ovathemes.com/eventmana/wp-content/plugins/js_composer/assets/images/icons/chart-pie.png]
[demo.ovathemes.com/eventmana/wp-content/plugins/js_composer/assets/images/icons/clock.png]
[demo.ovathemes.com/eventmana/wp-content/plugins/js_composer/assets/images/icons/control.png]
[demo.ovathemes.com/eventmana/wp-content/plugins/js_composer/assets/images/icons/fire.png]
[demo.ovathemes.com/eventmana/wp-content/plugins/js_composer/assets/images/icons/heart.png]
[demo.ovathemes.com/eventmana/wp-content/plugins/js_composer/assets/images/icons/mail.png]
[demo.ovathemes.com/eventmana/wp-content/plugins/js_composer/assets/images/icons/plus-shield.png]
[demo.ovathemes.com/eventmana/wp-content/plugins/js_composer/assets/images/icons/video.png]
[demo.ovathemes.com/eventmana/wp-content/plugins/js_composer/assets/fonts/vc_icons_v2/fonts/vcpb-plugin-iconsb82a.eot]
[demo.ovathemes.com/eventmana/wp-content/plugins/js_composer/assets/fonts/vc_icons_v2/fonts/vcpb-plugin-iconsb82a.ttf]
[demo.ovathemes.com/eventmana/wp-content/plugins/js_composer/assets/fonts/vc_icons_v2/fonts/vcpb-plugin-iconsb82a.woff]
[demo.ovathemes.com/eventmana/wp-content/plugins/js_composer/assets/fonts/vc_icons_v2/fonts/vcpb-plugin-iconsb82a.svg]
[demo.ovathemes.com/eventmana/wp-content/plugins/js_composer/assets/images/toggle_open.png]
[demo.ovathemes.com/eventmana/wp-content/plugins/js_composer/assets/images/toggle_close.png]
[demo.ovathemes.com/eventmana/wp-content/plugins/js_composer/assets/images/flickr.png]
[demo.ovathemes.com/eventmana/wp-content/plugins/js_composer/assets/fonts/vc_grid/vc_grid_v157a1.eot]
[demo.ovathemes.com/eventmana/wp-content/plugins/js_composer/assets/fonts/vc_grid/vc_grid_v1d41d.eot]
[demo.ovathemes.com/eventmana/wp-content/plugins/js_composer/assets/fonts/vc_grid/vc_grid_v157a1.woff]
[demo.ovathemes.com/eventmana/wp-content/plugins/js_composer/assets/fonts/vc_grid/vc_grid_v157a1.ttf]
[demo.ovathemes.com/eventmana/wp-content/plugins/js_composer/assets/fonts/vc_grid/vc_grid_v157a1.svg]
[demo.ovathemes.com/eventmana/wp-content/plugins/js_composer/assets/images/spinner.gif]
[demo.ovathemes.com/eventmana/wp-content/plugins/js_composer/assets/vc/remove.png]
[demo.ovathemes.com/eventmana/wp-content/plugins/js_composer/assets/css/js_composer.min52c7.css]
[demo.ovathemes.com/eventmana/wp-includes/css/dashicons.min4d2c.css]
[demo.ovathemes.com/eventmana/wp-includes/css/buttons.min4d2c.css]
[demo.ovathemes.com/eventmana/wp-admin/css/forms.min4d2c.css]
[demo.ovathemes.com/eventmana/wp-admin/css/l10n.min4d2c.css]
[demo.ovathemes.com/eventmana/wp-admin/css/login.min4d2c.css]
[demo.ovathemes.com/eventmana/wp-loginc94b.html]
[demo.ovathemes.com/eventmana/wp-login456e.html]
[demo.ovathemes.com/eventmana/home-page/index.html]
[demo.ovathemes.com/eventmana/home-2/index.html]
[demo.ovathemes.com/eventmana/event-list/index.html]
[demo.ovathemes.com/eventmana/wp-json/oembed/1.0/embedb598.json]
[demo.ovathemes.com/eventmana/my-account/lost-password/index.html]
[demo.ovathemes.com/eventmana/wp-json/oembed/1.0/embeda66f]
[demo.ovathemes.com/eventmana/wp-content/themes/eventmana/assets/img/icon-google-map.png]
[demo.ovathemes.com/eventmana/wp-content/uploads/2015/09/hotel-1.jpg]
[demo.ovathemes.com/eventmana/event-grid/index.html]
[demo.ovathemes.com/eventmana/wp-json/oembed/1.0/embed4202.json]
[demo.ovathemes.com/eventmana/event-grid/page/2/index.html]
[demo.ovathemes.com/eventmana/wp-json/oembed/1.0/embedefd3]
[demo.ovathemes.com/eventmana/conference-category/index.html]
[demo.ovathemes.com/eventmana/wp-content/themes/eventmana/assets/img/blog-post-1.jpg]
[demo.ovathemes.com/eventmana/wp-json/oembed/1.0/embed159f.json]
[demo.ovathemes.com/eventmana/upcoming-events/index.html]
[demo.ovathemes.com/eventmana/wp-content/uploads/2015/09/12071188_1048110635212867_194508648_n.jpg]
[demo.ovathemes.com/eventmana/wp-json/oembed/1.0/embeda43e]
[demo.ovathemes.com/eventmana/wp-json/oembed/1.0/embedeae0.json]
[demo.ovathemes.com/eventmana/past-events/index.html]
[demo.ovathemes.com/eventmana/wp-json/oembed/1.0/embed3726]
[demo.ovathemes.com/eventmana/wp-json/oembed/1.0/embedeb7b.json]
[demo.ovathemes.com/eventmana/past-events/page/2/index.html]
[demo.ovathemes.com/eventmana/event/2016-calgary-comic-entertainment-expo/feed/index.html]
[demo.ovathemes.com/eventmana/wp-json/oembed/1.0/embedf160]
[demo.ovathemes.com/eventmana/wp-content/uploads/2015/09/img-slider-1.jpg]
[demo.ovathemes.com/eventmana/wp-content/uploads/2015/09/avatar-v2-2.jpg]
[demo.ovathemes.com/eventmana/eventgroup/festival/index.html]
[demo.ovathemes.com/eventmana/wp-content/uploads/2015/09/avatar-v2-4.d4.delayed]
[demo.ovathemes.com/eventmana/wp-content/uploads/2015/09/avatar-v2-3.jpg]
[demo.ovathemes.com/eventmana/wp-content/uploads/2015/09/avatar-v2-1.jpg]
[demo.ovathemes.com/eventmana/schedule/day-1-hall-a-lesson-2/index.html]
[demo.ovathemes.com/eventmana/wp-content/uploads/2015/09/shutterstock_217119214.jpg]
[demo.ovathemes.com/eventmana/schedule/event-schedule-1/index.html]
[demo.ovathemes.com/eventmana/schedule/event-schedule-4/index.html]
[demo.ovathemes.com/eventmana/wp-login5041.html]
[demo.ovathemes.com/eventmana/event/2016-calgary-comic-entertainment-expo/index.html]
[demo.ovathemes.com/eventmana/schedule/event-schedule-2/index.html]
[demo.ovathemes.com/eventmana/schedule/event-lipsum-new/index.html]
[demo.ovathemes.com/eventmana/schedule/day-1-hall-c-lesson-1/index.html]
[demo.ovathemes.com/eventmana/wp-json/oembed/1.0/embed3826.json]
[demo.ovathemes.com/eventmana/schedule/day-1-hall-d-lesson-1/index.html]
[demo.ovathemes.com/eventmana/schedule/day-2-hall-a-lesson-1/index.html]
[demo.ovathemes.com/eventmana/schedule/day-2-hall-c-lesson-1/index.html]
[demo.ovathemes.com/eventmana/schedule/day-2-hall-b-lesson-1/index.html]
[demo.ovathemes.com/eventmana/schedule/day-2-hall-a-lesson-2/index.html]
[demo.ovathemes.com/eventmana/wp-json/oembed/1.0/embed8c9a]
[demo.ovathemes.com/eventmana/schedule/event-schedule-3/index.html]
[demo.ovathemes.com/eventmana/wp-login9d17.html]
[demo.ovathemes.com/eventmana/event/bottlerock-napa-valley-2016/index.html]
[demo.ovathemes.com/eventmana/schedule/event-schedule-5/index.html]
[demo.ovathemes.com/eventmana/schedule/day-3-hall-c-lesson-1/index.html]
[demo.ovathemes.com/eventmana/schedule/event-new-7/index.html]
[demo.ovathemes.com/eventmana/schedule/event-schedule-6/index.html]
[demo.ovathemes.com/eventmana/schedule/summary/index.html]
[demo.ovathemes.com/eventmana/wp-json/oembed/1.0/embed593c.json]
[demo.ovathemes.com/eventmana/schedule/the-summary/index.html]
[demo.ovathemes.com/eventmana/wp-json/oembed/1.0/embedd31c]
[demo.ovathemes.com/eventmana/event/bottlerock-napa-valley-2016/feed/index.html]
[demo.ovathemes.com/eventmana/eventgroup/conference/index.html]
[demo.ovathemes.com/eventmana/blog-page/index.html]
[demo.ovathemes.com/eventmana/wp-login.html]
[demo.ovathemes.com/eventmana/wp-json/oembed/1.0/embed22c4.json]
[demo.ovathemes.com/eventmana/author/admin/index.html]
[demo.ovathemes.com/eventmana/category/blog/index.html]
[demo.ovathemes.com/eventmana/2015/09/index.html]
[demo.ovathemes.com/eventmana/wp-json/oembed/1.0/embed09c0]
[demo.ovathemes.com/eventmana/category/event-blog/index.html]
[demo.ovathemes.com/eventmana/category/event-management-wordpress/index.html]
[demo.ovathemes.com/eventmana/wp-content/uploads/2015/09/11363756_905370949498866_142654972_n.jpg]
[demo.ovathemes.com/eventmana/tag/event/index.html]
[demo.ovathemes.com/eventmana/tag/blog/index.html]
[demo.ovathemes.com/eventmana/category/uncategorized/index.html]
[demo.ovathemes.com/eventmana/wp-login3105.html]
[demo.ovathemes.com/eventmana/image-with-blog-post/index.html]
[demo.ovathemes.com/eventmana/index0e5c.html]
[demo.ovathemes.com/eventmana/tag/event-management/index.html]
[demo.ovathemes.com/eventmana/tag/gallery-post/index.html]
[demo.ovathemes.com/eventmana/tag/gallery-wordrpess/index.html]
[demo.ovathemes.com/eventmana/tag/image-post-format/index.html]
[demo.ovathemes.com/eventmana/wp-json/oembed/1.0/embed0025.json]
[demo.ovathemes.com/eventmana/tag/management/index.html]
[demo.ovathemes.com/eventmana/tag/standard-post/index.html]
[demo.ovathemes.com/eventmana/tag/theme/index.html]
[demo.ovathemes.com/eventmana/tag/wordpress-theme/index.html]
[demo.ovathemes.com/eventmana/contact-us/index.html]
[demo.ovathemes.com/eventmana/wp-json/oembed/1.0/embed6190]
[demo.ovathemes.com/eventmana/image-with-blog-post/feed/index.html]
[demo.ovathemes.com/eventmana/tag/wordrpess-theme/index.html]
[demo.ovathemes.com/eventmana/wp-content/plugins/woocommerce/assets/css/select23088.css]
[demo.ovathemes.com/eventmana/tag/youtube-post-format/index.html]
[demo.ovathemes.com/eventmana/wp-includes/js/zxcvbn-async.min5152.js]
[demo.ovathemes.com/eventmana/wp-json/oembed/1.0/embedbaa8.json]
[demo.ovathemes.com/eventmana/wp-json/oembed/1.0/embed77bb]
[demo.ovathemes.com/eventmana/wp-content/plugins/woocommerce/assets/js/frontend/country-select.min3088.js]
[demo.ovathemes.com/eventmana/wp-content/plugins/woocommerce/assets/js/frontend/address-i18n.min3088.js]
[demo.ovathemes.com/eventmana/wp-content/plugins/woocommerce/assets/js/frontend/cart.min3088.js]
[demo.ovathemes.com/eventmana/shop/index.html]
[demo.ovathemes.com/eventmana/wp-admin/js/password-strength-meter.min4d2c.js]
[demo.ovathemes.com/eventmana/wp-content/plugins/woocommerce/assets/js/selectWoo/selectWoo.full.min0ba6.js]
[demo.ovathemes.com/eventmana/cart/index.html]
[demo.ovathemes.com/eventmana/wp-content/plugins/woocommerce/assets/js/frontend/password-strength-meter.min3088.js]
[demo.ovathemes.com/eventmana/wp-content/uploads/2015/09/blog-post-3.jpg]
[demo.ovathemes.com/eventmana/event/the-worlds-greatest-tribute-bands-on-axs-tv/feed/index.html]
[demo.ovathemes.com/eventmana/wp-json/oembed/1.0/embed684c.json]
[demo.ovathemes.com/eventmana/wp-json/oembed/1.0/embedd137]
[demo.ovathemes.com/eventmana/event/the-worlds-greatest-tribute-bands-on-axs-tv/index.html]
[demo.ovathemes.com/eventmana/wp-login989a.html]
[demo.ovathemes.com/eventmana/eventgroup/playground/index.html]
[demo.ovathemes.com/eventmana/event/ladies-free-all-night-elleven45/feed/index.html]
[demo.ovathemes.com/eventmana/wp-json/oembed/1.0/embedeed5.json]
[demo.ovathemes.com/eventmana/wp-json/oembed/1.0/embed8bda]
[demo.ovathemes.com/eventmana/event/ladies-free-all-night-elleven45/index.html]
[demo.ovathemes.com/eventmana/wp-login2573.html]
[demo.ovathemes.com/eventmana/wp-json/oembed/1.0/embed31c3.json]
[demo.ovathemes.com/eventmana/event/chicago-food-truck-festival/feed/index.html]
[demo.ovathemes.com/eventmana/wp-json/oembed/1.0/embedeb2b]
[demo.ovathemes.com/eventmana/wp-login3193.html]
[demo.ovathemes.com/eventmana/event/chicago-food-truck-festival/index.html]
[demo.ovathemes.com/eventmana/wp-json/oembed/1.0/embedc13b.json]
[demo.ovathemes.com/eventmana/event/soulfuelwv-2016-christian-music-festival/feed/index.html]
[demo.ovathemes.com/eventmana/wp-json/oembed/1.0/embed1ef1]
[demo.ovathemes.com/eventmana/wp-login5adf.html]
[demo.ovathemes.com/eventmana/event/soulfuelwv-2016-christian-music-festival/index.html]
[demo.ovathemes.com/eventmana/wp-json/oembed/1.0/embedf686.json]
[demo.ovathemes.com/eventmana/event/the-governors-ball-music-festival-2016/feed/index.html]
[demo.ovathemes.com/eventmana/wp-json/oembed/1.0/embed01b8]
[demo.ovathemes.com/eventmana/event/the-governors-ball-music-festival-2016/index.html]
[demo.ovathemes.com/eventmana/wp-login53b3.html]
[demo.ovathemes.com/eventmana/wp-json/oembed/1.0/embed59fe.json]
[demo.ovathemes.com/eventmana/wp-json/oembed/1.0/embed8ec8]
[demo.ovathemes.com/eventmana/event/boots-and-hearts-2016/feed/index.html]
[demo.ovathemes.com/eventmana/event/boots-and-hearts-2016/index.html]
[demo.ovathemes.com/eventmana/wp-login2a97.html]
[demo.ovathemes.com/eventmana/1.html]
[demo.ovathemes.com/eventmana/wp-content/uploads/2015/09/latest-9a.jpg]
[demo.ovathemes.com/eventmana/indexff0d.html]
[demo.ovathemes.com/eventmana/index42de.html]
[demo.ovathemes.com/eventmana/wp-json/oembed/1.0/embedf25b.json]
[demo.ovathemes.com/eventmana/event-management-wordpress-theme/feed/index.html]
[demo.ovathemes.com/eventmana/wp-json/oembed/1.0/embedab46]
[demo.ovathemes.com/eventmana/event-management-wordpress-theme/index.html]
[demo.ovathemes.com/eventmana/wp-loginefa4.html]
[demo.ovathemes.com/eventmana/gallery-post/feed/index.html]
[demo.ovathemes.com/eventmana/wp-json/oembed/1.0/embeded5a.json]
[demo.ovathemes.com/eventmana/wp-json/oembed/1.0/embed19ec]
[demo.ovathemes.com/eventmana/gallery-post/index.html]
[demo.ovathemes.com/eventmana/wp-login621d.html]
[demo.ovathemes.com/eventmana/wp-json/oembed/1.0/embed8c6d.json]
[demo.ovathemes.com/eventmana/youtube-with-blog-post/feed/index.html]
[demo.ovathemes.com/eventmana/wp-json/oembed/1.0/embed9874]
[demo.ovathemes.com/eventmana/youtube-with-blog-post/index.html]
[demo.ovathemes.com/eventmana/wp-login8e74.html]
[demo.ovathemes.com/eventmana/wp-json/oembed/1.0/embede524.json]
[demo.ovathemes.com/eventmana/wp-json/oembed/1.0/embed176e]
[demo.ovathemes.com/eventmana/vimeo-with-blog-post/feed/index.html]
[demo.ovathemes.com/eventmana/vimeo-with-blog-post/index.html]
[demo.ovathemes.com/eventmana/wp-loginbe0d.html]
[demo.ovathemes.com/eventmana/wp-json/oembed/1.0/embedd017.json]
[demo.ovathemes.com/eventmana/standart-blog-post-header-here/feed/index.html]
[demo.ovathemes.com/eventmana/wp-json/oembed/1.0/embed37c4]
[demo.ovathemes.com/eventmana/standart-blog-post-header-here/index.html]
[demo.ovathemes.com/eventmana/wp-content/themes/eventmana/assets/js/custom4d2c.js]
[demo.ovathemes.com/eventmana/wp-content/plugins/woocommerce/assets/fonts/star.svg]
[demo.ovathemes.com/eventmana/wp-content/plugins/woocommerce/assets/fonts/WooCommerce.svg]
[demo.ovathemes.com/eventmana/wp-content/plugins/woocommerce/assets/images/icons/loader.svg]
[demo.ovathemes.com/eventmana/wp-content/plugins/woocommerce/assets/images/icons/credit-cards/visa.svg]
[demo.ovathemes.com/eventmana/wp-content/plugins/woocommerce/assets/images/icons/credit-cards/mastercard.svg]
[demo.ovathemes.com/eventmana/wp-content/plugins/woocommerce/assets/images/icons/credit-cards/laser.svg]
[demo.ovathemes.com/eventmana/wp-content/plugins/woocommerce/assets/images/icons/credit-cards/diners.svg]
[demo.ovathemes.com/eventmana/wp-content/plugins/woocommerce/assets/images/icons/credit-cards/maestro.svg]
[demo.ovathemes.com/eventmana/wp-content/plugins/woocommerce/assets/images/icons/credit-cards/jcb.svg]
[demo.ovathemes.com/eventmana/wp-content/plugins/woocommerce/assets/images/icons/credit-cards/amex.svg]
[demo.ovathemes.com/eventmana/wp-content/plugins/woocommerce/assets/images/icons/credit-cards/discover.svg]
[demo.ovathemes.com/eventmana/wp-content/themes/eventmana/assets/plugins/bootstrap/fonts/glyphicons-halflings-regular.svg]
[demo.ovathemes.com/eventmana/wp-content/plugins/js_composer/assets/lib/bower/font-awesome/fonts/fontawesome-webfont3e6e.svg]
[demo.ovathemes.com/eventmana/wp-content/plugins/js_composer/assets/fonts/vc_icons_v2/fonts/vcpb-plugin-iconsb82a.svg]
[demo.ovathemes.com/eventmana/wp-content/plugins/js_composer/assets/vc/blur.svg]
[demo.ovathemes.com/eventmana/wp-content/plugins/js_composer/assets/fonts/vc_grid/vc_grid_v157a1.svg]
[demo.ovathemes.com/eventmana/wp-login861a.html]
[demo.ovathemes.com/eventmana/wp-includes/css/dashicons.min4d2c.css]
[demo.ovathemes.com/eventmana/wp-includes/fonts/dashicons2ce6.ttf]
[demo.ovathemes.com/eventmana/wp-includes/css/buttons.min4d2c.css]
[demo.ovathemes.com/eventmana/wp-admin/css/forms.min4d2c.css]
[demo.ovathemes.com/eventmana/wp-admin/css/l10n.min4d2c.css]
[demo.ovathemes.com/eventmana/wp-admin/images/loading.gif]
[demo.ovathemes.com/eventmana/wp-admin/images/w-logo-blue7a53.png]
[demo.ovathemes.com/eventmana/wp-admin/css/login.min4d2c.css]
[demo.ovathemes.com/eventmana/wp-includes/fonts/dashicons2ce6.eot]
[demo.ovathemes.com/eventmana/wp-admin/images/wordpress-logo7d6b.svg]
[demo.ovathemes.com/eventmana/wp-admin/index.html]
[demo.ovathemes.com/eventmana/wp-login405b.html]
[demo.ovathemes.com/eventmana/wp-json/oembed/1.0/embed5a7e.json]
[demo.ovathemes.com/eventmana/my-account/index.html]
[demo.ovathemes.com/eventmana/wp-json/oembed/1.0/embed0e2e]
[demo.ovathemes.com/eventmana/my-account/lost-password/index.html]
[demo.ovathemes.com/eventmana/wp-content/plugins/woocommerce/assets/js/frontend/lost-password.min3088.js]
[demo.ovathemes.com/eventmana/index0e62.html]
[demo.ovathemes.com/eventmana/event-grid/page/2/index.html]
[demo.ovathemes.com/eventmana/index01e4.html]
[demo.ovathemes.com/eventmana/index197a.html]
[demo.ovathemes.com/eventmana/index1cc0.html]
[demo.ovathemes.com/eventmana/past-events/page/2/index.html]
[demo.ovathemes.com/eventmana/indexe856.html]
[demo.ovathemes.com/eventmana/eventgroup/festival/index.html]
[demo.ovathemes.com/eventmana/wp-json/oembed/1.0/embed454e.json]
[demo.ovathemes.com/eventmana/eventgroup/festival/feed/index.html]
[demo.ovathemes.com/eventmana/schedule/day-1-hall-a-lesson-2/feed/index.html]
[demo.ovathemes.com/eventmana/schedule/day-1-hall-a-lesson-2/index.html]
[demo.ovathemes.com/eventmana/wp-json/oembed/1.0/embed60d3]
[demo.ovathemes.com/eventmana/schedule/event-schedule-1/feed/index.html]
[demo.ovathemes.com/eventmana/wp-json/oembed/1.0/embedf46b.json]
[demo.ovathemes.com/eventmana/schedule/index.html]
[demo.ovathemes.com/eventmana/schedule/event-schedule-1/index.html]
[demo.ovathemes.com/eventmana/wp-json/oembed/1.0/embed415f]
[demo.ovathemes.com/eventmana/wp-json/oembed/1.0/embed01ac.json]
[demo.ovathemes.com/eventmana/schedule/event-schedule-4/feed/index.html]
[demo.ovathemes.com/eventmana/schedule/event-schedule-4/index.html]
[demo.ovathemes.com/eventmana/wp-json/oembed/1.0/embed0c16]
[demo.ovathemes.com/eventmana/wp-json/oembed/1.0/embed8d2a.json]
[demo.ovathemes.com/eventmana/schedule/event-schedule-2/feed/index.html]
[demo.ovathemes.com/eventmana/schedule/event-schedule-2/index.html]
[demo.ovathemes.com/eventmana/wp-json/oembed/1.0/embed03f6]
[demo.ovathemes.com/eventmana/wp-json/oembed/1.0/embed0f29.json]
[demo.ovathemes.com/eventmana/schedule/day-1-hall-c-lesson-1/feed/index.html]
[demo.ovathemes.com/eventmana/schedule/day-1-hall-c-lesson-1/index.html]
[demo.ovathemes.com/eventmana/wp-json/oembed/1.0/embed3320]
[demo.ovathemes.com/eventmana/wp-json/oembed/1.0/embed17ce.json]
[demo.ovathemes.com/eventmana/schedule/event-lipsum-new/feed/index.html]
[demo.ovathemes.com/eventmana/schedule/event-lipsum-new/index.html]
[demo.ovathemes.com/eventmana/wp-json/oembed/1.0/embedc599]
[demo.ovathemes.com/eventmana/wp-json/oembed/1.0/embedf90d.json]
[demo.ovathemes.com/eventmana/schedule/day-1-hall-d-lesson-1/feed/index.html]
[demo.ovathemes.com/eventmana/schedule/day-1-hall-d-lesson-1/index.html]
[demo.ovathemes.com/eventmana/wp-json/oembed/1.0/embed2da6]
[demo.ovathemes.com/eventmana/wp-json/oembed/1.0/embed1c3a.json]
[demo.ovathemes.com/eventmana/schedule/day-2-hall-a-lesson-1/feed/index.html]
[demo.ovathemes.com/eventmana/schedule/day-2-hall-a-lesson-1/index.html]
[demo.ovathemes.com/eventmana/wp-json/oembed/1.0/embedcdc2]
[demo.ovathemes.com/eventmana/wp-json/oembed/1.0/embed85be.json]
[demo.ovathemes.com/eventmana/schedule/day-2-hall-a-lesson-2/feed/index.html]
[demo.ovathemes.com/eventmana/schedule/day-2-hall-a-lesson-2/index.html]
[demo.ovathemes.com/eventmana/wp-json/oembed/1.0/embedddcc]
[demo.ovathemes.com/eventmana/wp-json/oembed/1.0/embedc009.json]
[demo.ovathemes.com/eventmana/schedule/day-2-hall-b-lesson-1/feed/index.html]
[demo.ovathemes.com/eventmana/schedule/day-2-hall-b-lesson-1/index.html]
[demo.ovathemes.com/eventmana/wp-json/oembed/1.0/embedd23d]
[demo.ovathemes.com/eventmana/wp-json/oembed/1.0/embed1c2f.json]
[demo.ovathemes.com/eventmana/schedule/day-2-hall-c-lesson-1/feed/index.html]
[demo.ovathemes.com/eventmana/schedule/day-2-hall-c-lesson-1/index.html]
[demo.ovathemes.com/eventmana/wp-json/oembed/1.0/embed371f]
[demo.ovathemes.com/eventmana/wp-json/oembed/1.0/embed754d.json]
[demo.ovathemes.com/eventmana/schedule/event-schedule-3/feed/index.html]
[demo.ovathemes.com/eventmana/schedule/event-schedule-3/index.html]
[demo.ovathemes.com/eventmana/wp-json/oembed/1.0/embed227d]
[demo.ovathemes.com/eventmana/wp-json/oembed/1.0/embed306a.json]
[demo.ovathemes.com/eventmana/schedule/event-schedule-5/feed/index.html]
[demo.ovathemes.com/eventmana/schedule/event-schedule-5/index.html]
[demo.ovathemes.com/eventmana/wp-json/oembed/1.0/embed226d]
[demo.ovathemes.com/eventmana/wp-json/oembed/1.0/embed8893.json]
[demo.ovathemes.com/eventmana/schedule/event-schedule-6/feed/index.html]
[demo.ovathemes.com/eventmana/schedule/event-schedule-6/index.html]
[demo.ovathemes.com/eventmana/wp-json/oembed/1.0/embed2153]
[demo.ovathemes.com/eventmana/wp-json/oembed/1.0/embeda0f0.json]
[demo.ovathemes.com/eventmana/schedule/event-new-7/feed/index.html]
[demo.ovathemes.com/eventmana/schedule/event-new-7/index.html]
[demo.ovathemes.com/eventmana/wp-json/oembed/1.0/embed1acc]
[demo.ovathemes.com/eventmana/wp-json/oembed/1.0/embedcaa3.json]
[demo.ovathemes.com/eventmana/schedule/day-3-hall-c-lesson-1/feed/index.html]
[demo.ovathemes.com/eventmana/schedule/day-3-hall-c-lesson-1/index.html]
[demo.ovathemes.com/eventmana/wp-json/oembed/1.0/embed9cbb]
[demo.ovathemes.com/eventmana/wp-json/oembed/1.0/embed108d.json]
[demo.ovathemes.com/eventmana/schedule/summary/feed/index.html]
[demo.ovathemes.com/eventmana/schedule/summary/index.html]
[demo.ovathemes.com/eventmana/wp-json/oembed/1.0/embed4315]
[demo.ovathemes.com/eventmana/wp-json/oembed/1.0/embedd149.json]
[demo.ovathemes.com/eventmana/schedule/the-summary/feed/index.html]
[demo.ovathemes.com/eventmana/schedule/the-summary/index.html]
[demo.ovathemes.com/eventmana/index1443.html]
[demo.ovathemes.com/eventmana/indexb575.html]
[demo.ovathemes.com/eventmana/index58c2.html]
[demo.ovathemes.com/eventmana/wp-login5041.html]
[demo.ovathemes.com/eventmana/indexd4a6.html]
[demo.ovathemes.com/eventmana/eventgroup/conference/index.html]
[demo.ovathemes.com/eventmana/indexc189.html]
[demo.ovathemes.com/eventmana/index1bc4.html]
[demo.ovathemes.com/eventmana/indexbf7e.html]
[demo.ovathemes.com/eventmana/wp-login9d17.html]
[demo.ovathemes.com/eventmana/index341b.html]
[demo.ovathemes.com/eventmana/author/admin/index.html]
[demo.ovathemes.com/eventmana/2015/09/index.html]
[demo.ovathemes.com/eventmana/wp-json/oembed/1.0/embeda57b]
[demo.ovathemes.com/eventmana/category/blog/index.html]
[demo.ovathemes.com/eventmana/eventgroup/conference/feed/index.html]
[demo.ovathemes.com/eventmana/author/admin/feed/index.html]
[demo.ovathemes.com/eventmana/category/blog/feed/index.html]
[demo.ovathemes.com/eventmana/2015/index.html]
[demo.ovathemes.com/eventmana/category/event-blog/index.html]
[demo.ovathemes.com/eventmana/category/event-management-wordpress/index.html]
[demo.ovathemes.com/eventmana/category/event-blog/feed/index.html]
[demo.ovathemes.com/eventmana/category/event-management-wordpress/feed/index.html]
[demo.ovathemes.com/eventmana/category/uncategorized/index.html]
[demo.ovathemes.com/eventmana/wp-login.html]
[demo.ovathemes.com/eventmana/tag/blog/index.html]
[demo.ovathemes.com/eventmana/category/uncategorized/feed/index.html]
[demo.ovathemes.com/eventmana/tag/event/index.html]
[demo.ovathemes.com/eventmana/tag/blog/feed/index.html]
[demo.ovathemes.com/eventmana/tag/event/feed/index.html]
[demo.ovathemes.com/eventmana/tag/event-management/index.html]
[demo.ovathemes.com/eventmana/tag/event-management/feed/index.html]
[demo.ovathemes.com/eventmana/tag/gallery-post/index.html]
[demo.ovathemes.com/eventmana/tag/gallery-wordrpess/index.html]
[demo.ovathemes.com/eventmana/tag/gallery-post/feed/index.html]
[demo.ovathemes.com/eventmana/tag/image-post-format/index.html]
[demo.ovathemes.com/eventmana/tag/gallery-wordrpess/feed/index.html]
[demo.ovathemes.com/eventmana/tag/management/index.html]
[demo.ovathemes.com/eventmana/tag/image-post-format/feed/index.html]
[demo.ovathemes.com/eventmana/tag/standard-post/index.html]
[demo.ovathemes.com/eventmana/tag/management/feed/index.html]
[demo.ovathemes.com/eventmana/tag/theme/index.html]
[demo.ovathemes.com/eventmana/tag/standard-post/feed/index.html]
[demo.ovathemes.com/eventmana/tag/wordpress-theme/index.html]
[demo.ovathemes.com/eventmana/tag/wordrpess-theme/index.html]
[demo.ovathemes.com/eventmana/tag/theme/feed/index.html]
[demo.ovathemes.com/eventmana/tag/youtube-post-format/index.html]
[demo.ovathemes.com/eventmana/tag/wordrpess-theme/feed/index.html]
[demo.ovathemes.com/eventmana/tag/wordpress-theme/feed/index.html]
[demo.ovathemes.com/eventmana/index5034.html]
[demo.ovathemes.com/eventmana/wp-login3105.html]
[demo.ovathemes.com/eventmana/index2cf9.html]
[demo.ovathemes.com/eventmana/wp-content/plugins/woocommerce/assets/css/select23088.css]
[demo.ovathemes.com/eventmana/index2df4.html]
[demo.ovathemes.com/eventmana/tag/youtube-post-format/feed/index.html]
[demo.ovathemes.com/eventmana/wp-content/uploads/2015/09/shutterstock_1258062861-270x300.jpg]
[demo.ovathemes.com/eventmana/shop/index.html]
[demo.ovathemes.com/eventmana/shop/feed/index.html]
[demo.ovathemes.com/eventmana/product/standart-event-name-1/index.html]
[demo.ovathemes.com/eventmana/indexb8c4.html]
[demo.ovathemes.com/eventmana/product/standart-event-name-8/index.html]
[demo.ovathemes.com/eventmana/eventgroup/playground/index.html]
[demo.ovathemes.com/eventmana/product/standart-event-name-4/index.html]
[demo.ovathemes.com/eventmana/index778b.html]
[demo.ovathemes.com/eventmana/product/standart-event-name-6/index.html]
[demo.ovathemes.com/eventmana/indexd9b1.html]
[demo.ovathemes.com/eventmana/product/standart-event-name-2/index.html]
[demo.ovathemes.com/eventmana/indexeee3.html]
[demo.ovathemes.com/eventmana/product/standart-event-name-7/index.html]
[demo.ovathemes.com/eventmana/wp-login989a.html]
[demo.ovathemes.com/eventmana/product/test-for-free-event/index.html]
[demo.ovathemes.com/eventmana/indexdb84.html]
[demo.ovathemes.com/eventmana/eventgroup/playground/feed/index.html]
[demo.ovathemes.com/eventmana/product/standart-event-name-5/index.html]
[demo.ovathemes.com/eventmana/index7cd9.html]
[demo.ovathemes.com/eventmana/indexc012.html]
[demo.ovathemes.com/eventmana/index9ffa.html]
[demo.ovathemes.com/eventmana/wp-login2573.html]
[demo.ovathemes.com/eventmana/indexb4d2.html]
[demo.ovathemes.com/eventmana/index492f.html]
[demo.ovathemes.com/eventmana/index7567.html]
[demo.ovathemes.com/eventmana/indexb73d.html]
[demo.ovathemes.com/eventmana/wp-login3193.html]
[demo.ovathemes.com/eventmana/index248a.html]
[demo.ovathemes.com/eventmana/index2e56.html]
[demo.ovathemes.com/eventmana/index9572.html]
[demo.ovathemes.com/eventmana/indexa876.html]
[demo.ovathemes.com/eventmana/wp-login5adf.html]
[demo.ovathemes.com/eventmana/index5070.html]
[demo.ovathemes.com/eventmana/index2d61.html]
[demo.ovathemes.com/eventmana/index9aff.html]
[demo.ovathemes.com/eventmana/index03f6.html]
[demo.ovathemes.com/eventmana/wp-login53b3.html]
[demo.ovathemes.com/eventmana/index269b.html]
[demo.ovathemes.com/eventmana/indexff0d.html]
[demo.ovathemes.com/eventmana/index0766.html]
[demo.ovathemes.com/eventmana/index70bf.html]
[demo.ovathemes.com/eventmana/index42de.html]
[demo.ovathemes.com/eventmana/wp-login2a97.html]
[demo.ovathemes.com/eventmana/wp-content/uploads/2015/09/latest-5a.jpg]
[demo.ovathemes.com/eventmana/product/standart-event-name-3/index.html]
[demo.ovathemes.com/eventmana/wp-content/uploads/2015/09/latest-5.jpg]
[demo.ovathemes.com/eventmana/index3dea.html]
[demo.ovathemes.com/eventmana/wp-loginefa4.html]
[demo.ovathemes.com/eventmana/index912b.html]
[demo.ovathemes.com/eventmana/wp-login621d.html]
[demo.ovathemes.com/eventmana/index4659.html]
[demo.ovathemes.com/eventmana/wp-login8e74.html]
[demo.ovathemes.com/eventmana/indexba1b.html]
[demo.ovathemes.com/eventmana/wp-loginbe0d.html]
[demo.ovathemes.com/eventmana/index4e6a.html]
[demo.ovathemes.com/eventmana/wp-login861a.html]
[demo.ovathemes.com/eventmana/wp-admin/images/wordpress-logo7d6b.svg]
[demo.ovathemes.com/eventmana/wp-admin/&reauth=1.13e.delayed]
[demo.ovathemes.com/eventmana/wp-login405b.html]
[demo.ovathemes.com/eventmana/my-account/index.html]
[demo.ovathemes.com/eventmana/index64b4.html]
[demo.ovathemes.com/eventmana/event-grid/page/1/index.html]
[demo.ovathemes.com/eventmana/past-events/page/1/index.html]
[demo.ovathemes.com/eventmana/indexb3e1.html]
[demo.ovathemes.com/eventmana/schedule/index.html]
[demo.ovathemes.com/eventmana/index2c5f.html]
[demo.ovathemes.com/eventmana/schedule/feed/index.html]
[demo.ovathemes.com/eventmana/indexb7bc.html]
[demo.ovathemes.com/eventmana/schedule/page/2/index.html]
[demo.ovathemes.com/eventmana/index8c8c.html]
[demo.ovathemes.com/eventmana/indexfe24.html]
[demo.ovathemes.com/eventmana/index778b-2.html]
[demo.ovathemes.com/eventmana/indexd526.html]
[demo.ovathemes.com/eventmana/indexbbbc.html]
[demo.ovathemes.com/eventmana/indexa260.html]
[demo.ovathemes.com/eventmana/index6b92.html]
[demo.ovathemes.com/eventmana/index2905.html]
[demo.ovathemes.com/eventmana/index01a2.html]
[demo.ovathemes.com/eventmana/index8a0c.html]
[demo.ovathemes.com/eventmana/index2847.html]
[demo.ovathemes.com/eventmana/index50ba.html]
[demo.ovathemes.com/eventmana/index7ab1.html]
[demo.ovathemes.com/eventmana/index4c66.html]
[demo.ovathemes.com/eventmana/indexa040.html]
[demo.ovathemes.com/eventmana/2015/index.html]
[demo.ovathemes.com/eventmana/schedule/page/3/index.html]
[demo.ovathemes.com/eventmana/wp-json/oembed/1.0/embedfba9.json]
[demo.ovathemes.com/eventmana/wp-json/oembed/1.0/embed8fa8]
[demo.ovathemes.com/eventmana/wp-content/plugins/woocommerce/assets/js/frontend/single-product.min3088.js]
[demo.ovathemes.com/eventmana/product-category/event/index.html]
[demo.ovathemes.com/eventmana/wp-includes/js/underscore.min4511.js]
[demo.ovathemes.com/eventmana/wp-includes/js/wp-util.min4d2c.js]
[demo.ovathemes.com/eventmana/product/standart-event-name-1/index.html]
[demo.ovathemes.com/eventmana/wp-content/plugins/woocommerce/assets/js/frontend/add-to-cart-variation.min3088.js]
[demo.ovathemes.com/eventmana/wp-json/oembed/1.0/embedc29e.json]
[demo.ovathemes.com/eventmana/product/standart-event-name-8/index.html]
[demo.ovathemes.com/eventmana/wp-json/oembed/1.0/embed31a9]
[demo.ovathemes.com/eventmana/wp-json/oembed/1.0/embedf20f.json]
[demo.ovathemes.com/eventmana/product/standart-event-name-4/index.html]
[demo.ovathemes.com/eventmana/wp-json/oembed/1.0/embed2d99]
[demo.ovathemes.com/eventmana/wp-json/oembed/1.0/embed432b.json]
[demo.ovathemes.com/eventmana/product/standart-event-name-6/index.html]
[demo.ovathemes.com/eventmana/wp-json/oembed/1.0/embedbc64]
[demo.ovathemes.com/eventmana/wp-json/oembed/1.0/embed7498.json]
[demo.ovathemes.com/eventmana/product/standart-event-name-2/index.html]
[demo.ovathemes.com/eventmana/wp-json/oembed/1.0/embede739]
[demo.ovathemes.com/eventmana/wp-json/oembed/1.0/embedbdc7.json]
[demo.ovathemes.com/eventmana/product/standart-event-name-7/index.html]
[demo.ovathemes.com/eventmana/wp-json/oembed/1.0/embed1d8d]
[demo.ovathemes.com/eventmana/wp-json/oembed/1.0/embedd5a5.json]
[demo.ovathemes.com/eventmana/product/test-for-free-event/index.html]
[demo.ovathemes.com/eventmana/shop/index5e58.html]
[demo.ovathemes.com/eventmana/wp-json/oembed/1.0/embed67d7]
[demo.ovathemes.com/eventmana/wp-json/oembed/1.0/embedd27b.json]
[demo.ovathemes.com/eventmana/product/standart-event-name-5/index.html]
[demo.ovathemes.com/eventmana/wp-json/oembed/1.0/embed433d]
[demo.ovathemes.com/eventmana/wp-json/oembed/1.0/embedc57d.json]
[demo.ovathemes.com/eventmana/product/standart-event-name-3/index.html]
[demo.ovathemes.com/eventmana/wp-admin/&reauth=1.html]
[demo.ovathemes.com/eventmana/schedule/page/2/index.html]
[demo.ovathemes.com/eventmana/schedule/page/3/index.html]
[demo.ovathemes.com/eventmana/indexe90e.html]
[demo.ovathemes.com/eventmana/product-category/event/index.html]
[demo.ovathemes.com/eventmana/indexd1c3.html]
[demo.ovathemes.com/eventmana/indexea0f.html]
[demo.ovathemes.com/eventmana/product/standart-event-name-4/index5e58.html]
[demo.ovathemes.com/eventmana/index5cd0.html]
[demo.ovathemes.com/eventmana/indexaa11.html]
[demo.ovathemes.com/eventmana/indexc9fb.html]
[demo.ovathemes.com/eventmana/index1565.html]
[demo.ovathemes.com/eventmana/indexa1c1.html]
[demo.ovathemes.com/eventmana/product/standart-event-name-5/index5e58.html]
[demo.ovathemes.com/eventmana/index54f6.html]
[demo.ovathemes.com/eventmana/wp-json/oembed/1.0/embed2892]
[demo.ovathemes.com/eventmana/product-category/event/feed/index.html]
[demo.ovathemes.com/eventmana/product-category/event/index5e58.html]
